// Jest Snapshot v1, https://goo.gl/fbAQLP

exports[`Should render AboutPage component correctly 1`] = `
<h1>
  About page placeholder
</h1>
`;
