// Jest Snapshot v1, https://goo.gl/fbAQLP

exports[`Should render Header component correctly 1`] = `
<header>
  <h6>
    Header placeholder
  </h6>
  <div>
    navbar placeholder
  </div>
</header>
`;
