// Jest Snapshot v1, https://goo.gl/fbAQLP

exports[`Should render ProjectsPage component correctly 1`] = `
<h1>
  Projects page placeholder
</h1>
`;
