// Jest Snapshot v1, https://goo.gl/fbAQLP

exports[`Should render SkillsPage component correctly 1`] = `
<h1>
  Skills page placeholder
</h1>
`;
